=== Switchboard Airflow E2E 2026-10-05T15:37:56Z ===
branch: feat/airflow-integration
commit: 81342d0
{
  "version": "3.0.6",
  "git_version": ".dev0+e965c2e676d85ced65a485d4b2601addc2fd3e97.dirty"
}
--- POST /auth/token (same path as adapter) ---
{"access_token":"eyJhbGciOiJIUzUxMiIsInR5"}
--- Switchboard adapter tools (integrations/airflow) ---
OK healthy

==> airflow_list_dags map[limit:10]
{"dags":[{"dag_id":"switchboard_proof","dag_display_name":"switchboard_proof","is_paused":false,"is_stale":false,"last_parsed_time":"2026-10-05T15:37:46.644592Z","last_expired":null,"bundle_name":"dags-folder","bundle_version":null,"relative_fileloc":"switchboard_proof.py","fileloc":"/opt/airflow/dags/switchboard_proof.py","description":"Tiny DAG for Switchboard native REST E2E","timetable_summary":null,"timetable_description":"Never, external triggers only","tags":[{"name":"e2e","dag_id":"switchboard_proof"},{"name":"switchboard","dag_id":"switchboard_proof"}],"max_active_tasks":16,"max_active_runs":16,"max_consecutive_failed_dag_runs":0,"has_task_concurrency_limits":false,"has_import_errors":false,"next_dagrun_logical_date":null,"next_dagrun_data_interval_start":null,"next_dagrun_data_interval_end":null,"next_dagrun_run_after":null,"owners":["airflow"],"file_token":"eyJidW5kbGVfbmFtZSI6ImRhZ3MtZm9sZGVyIiwicmVsYXRpdmVfZmlsZWxvYyI6InN3aXRjaGJvYXJkX3Byb29mLnB5In0.Nubn8CzEJGu8qSaEMn8I2CjEwkk"}],"total_entries":1}

==> airflow_get_dag map[dag_id:switchboard_proof]
{"dag_id":"switchboard_proof","dag_display_name":"switchboard_proof","is_paused":false,"is_stale":false,"last_parsed_time":"2026-10-05T15:37:46.644592Z","last_expired":null,"bundle_name":"dags-folder","bundle_version":null,"relative_fileloc":"switchboard_proof.py","fileloc":"/opt/airflow/dags/switchboard_proof.py","description":"Tiny DAG for Switchboard native REST E2E","timetable_summary":null,"timetable_description":"Never, external triggers only","tags":[{"name":"e2e","dag_id":"switchboard_proof"},{"name":"switchboard","dag_id":"switchboard_proof"}],"max_active_tasks":16,"max_active_runs":16,"max_consecutive_failed_dag_runs":0,"has_task_concurrency_limits":false,"has_import_errors":false,"next_dagrun_logical_date":null,"next_dagrun_data_interval_start":null,"next_dagrun_data_interval_end":null,"next_dagrun_run_after":null,"owners":["airflow"],"file_token":"eyJidW5kbGVfbmFtZSI6ImRhZ3MtZm9sZGVyIiwicmVsYXRpdmVfZmlsZWxvYyI6InN3aXRjaGJvYXJkX3Byb29mLnB5In0.Nubn8CzEJGu8qSaEMn8I2CjEwkk"}

==> airflow_trigger_dag map[conf:map[proof:switchboard-e2e] dag_id:switchboard_proof]
{"bundle_version":null,"dag_id":"switchboard_proof","dag_run_id":"manual__2026-10-05T15:37:56.228363+00:00_GCqv79DR","dag_versions":[{"bundle_name":"dags-folder","bundle_url":null,"bundle_version":null,"created_at":"2026-10-05T15:30:03.228472Z","dag_id":"switchboard_proof","id":"01a10caf-b15c-7323-970e-c789384babef","version_number":1}],"data_interval_end":null,"data_interval_start":null,"end_date":null,"last_scheduling_decision":null,"logical_date":null,"note":null,"queued_at":"2026-10-05T15:37:56.231940Z","run_after":"2026-10-05T15:37:56.228363Z","run_type":"manual","start_date":null,"state":"queued","triggered_by":"rest_api"}

==> airflow_list_dag_runs map[dag_id:switchboard_proof limit:5]
{"dag_runs":[{"dag_run_id":"manual__2026-10-05T15:37:25.865173+00:00_DTdQfVqs","dag_id":"switchboard_proof","logical_date":null,"queued_at":"2026-10-05T15:37:25.871458Z","start_date":"2026-10-05T15:37:26.311540Z","end_date":"2026-10-05T15:37:27.363075Z","data_interval_start":null,"data_interval_end":null,"run_after":"2026-10-05T15:37:25.865173Z","last_scheduling_decision":"2026-10-05T15:37:27.361397Z","run_type":"manual","state":"success","triggered_by":"rest_api","conf":{"proof":"switchboard-e2e"},"note":null,"dag_versions":[{"id":"01a10caf-b15c-7323-970e-c789384babef","version_number":1,"dag_id":"switchboard_proof","bundle_name":"dags-folder","bundle_version":null,"created_at":"2026-10-05T15:30:03.228472Z","bundle_url":null}],"bundle_version":null},{"dag_run_id":"manual__2026-10-05T15:37:56.228363+00:00_GCqv79DR","dag_id":"switchboard_proof","logical_date":null,"queued_at":"2026-10-05T15:37:56.231940Z","start_date":null,"end_date":null,"data_interval_start":null,"data_interval_end":null,"run_after":"2026-10-05T15:37:56.228363Z","last_scheduling_decision":null,"run_type":"manual","state":"queued","triggered_by":"rest_api","conf":{"proof":"switchboard-e2e"},"note":null,"dag_versions":[{"id":"01a10caf-b15c-7323-970e-c789384babef","version_number":1,"dag_id":"switchboard_proof","bundle_name":"dags-folder","bundle_version":null,"created_at":"2026-10-05T15:30:03.228472Z","bundle_url":null}],"bundle_version":null}],"total_entries":2}

==> airflow_get_dag_run map[dag_id:switchboard_proof dag_run_id:manual__2026-10-05T15:37:56.228363+00:00_GCqv79DR]
{"dag_run_id":"manual__2026-10-05T15:37:56.228363+00:00_GCqv79DR","dag_id":"switchboard_proof","logical_date":null,"queued_at":"2026-10-05T15:37:56.231940Z","start_date":null,"end_date":null,"data_interval_start":null,"data_interval_end":null,"run_after":"2026-10-05T15:37:56.228363Z","last_scheduling_decision":null,"run_type":"manual","state":"queued","triggered_by":"rest_api","conf":{"proof":"switchboard-e2e"},"note":null,"dag_versions":[{"id":"01a10caf-b15c-7323-970e-c789384babef","version_number":1,"dag_id":"switchboard_proof","bundle_name":"dags-folder","bundle_version":null,"created_at":"2026-10-05T15:30:03.228472Z","bundle_url":null}],"bundle_version":null}

==> airflow_list_task_instances map[dag_id:switchboard_proof dag_run_id:manual__2026-10-05T15:37:56.228363+00:00_GCqv79DR limit:10]
{"task_instances":[{"id":"01a10cb6-e90b-7fbc-ae87-d3d0ba3964b5","task_id":"done","dag_id":"switchboard_proof","dag_run_id":"manual__2026-10-05T15:37:56.228363+00:00_GCqv79DR","map_index":-1,"logical_date":null,"run_after":"2026-10-05T15:37:56.228363Z","start_date":null,"end_date":null,"duration":null,"state":null,"try_number":0,"max_tries":0,"task_display_name":"done","hostname":"","unixname":"airflow","pool":"default_pool","pool_slots":1,"queue":"default","priority_weight":1,"operator":"EmptyOperator","queued_when":null,"scheduled_when":null,"pid":null,"executor":null,"executor_config":"{}","note":null,"rendered_map_index":null,"rendered_fields":{},"trigger":null,"triggerer_job":null,"dag_version":{"id":"01a10caf-b15c-7323-970e-c789384babef","version_number":1,"dag_id":"switchboard_proof","bundle_name":"dags-folder","bundle_version":null,"created_at":"2026-10-05T15:30:03.228472Z","bundle_url":null}}],"total_entries":1}

ALL STEPS PASSED
=== E2E complete; log at /workspace/artifacts/airflow_e2e_proof.log ===
